2026-08-27 19:01:43 UTC INFO    started 2026-08-27 19:01:43 UTC on Linux-6.5.0-35-generic-x86_64-with-glibc2.35
2026-08-27 19:01:43 UTC INFO    loading framolfese/2WikiMultihopQA [validation], scanning 16000 records
2026-08-27 19:01:51 UTC INFO    built 400 items from 12576 records
2026-08-27 19:01:52 UTC INFO    longest prompt about 1789 tokens; max_model_len=4096 (floor 2048, cap 8192)
2026-08-27 19:01:53 UTC INFO    detected 23.6 GiB of VRAM, capability (8, 6) -> the 3090ti roster
2026-08-27 19:01:53 UTC INFO    replaying stage 1 from results/e1/stage1_combined_v2.jsonl for model(s) ['/workspace/.hf/models/Phi-3.5-mini-instruct', '/workspace/.hf/models/granite-3.0-8b-instruct']
2026-08-27 19:01:58 UTC INFO    /workspace/.hf/models/Phi-3.5-mini-instruct stage1: {"items": 1200, "usable": 371, "unreadable_choice": 0, "replayed_from": "results/e1/stage1_combined_v2.jsonl"}
2026-08-27 19:02:09 UTC INFO    /workspace/.hf/models/Phi-3.5-mini-instruct stage2: {"attempted": 371, "built": 132, "dropped": 239, "search_cap_hit": 250}
2026-08-27 19:03:05 UTC INFO    /workspace/.hf/models/Phi-3.5-mini-instruct loaded: bfloat16, max_model_len=4096, mem target 0.85, eager=False, VRAM now 85.9%
2026-08-27 19:03:17 UTC INFO    __workspace___hf__models__Phi-3_5-mini-instruct/stage3: 10/1320 done, 1.3s/item, elapsed 0.2 min, VRAM peak 85.9%, ETA 2026-08-27 19:30:44 UTC (in 27.4 min)
2026-08-27 19:03:29 UTC INFO    __workspace___hf__models__Phi-3_5-mini-instruct/stage3: 20/1320 done, 1.2s/item, elapsed 0.4 min, VRAM peak 86.1%, ETA 2026-08-27 19:29:47 UTC (in 26.3 min)
2026-08-27 19:03:43 UTC INFO    __workspace___hf__models__Phi-3_5-mini-instruct/stage3: 30/1320 done, 1.3s/item, elapsed 0.6 min, VRAM peak 86.5%, ETA 2026-08-27 19:31:24 UTC (in 27.7 min)
2026-08-27 19:03:55 UTC INFO    __workspace___hf__models__Phi-3_5-mini-instruct/stage3: 40/1320 done, 1.3s/item, elapsed 0.8 min, VRAM peak 86.5%, ETA 2026-08-27 19:30:53 UTC (in 27.0 min)
2026-08-27 19:04:06 UTC INFO    __workspace___hf__models__Phi-3_5-mini-instruct/stage3: 50/1320 done, 1.2s/item, elapsed 1.0 min, VRAM peak 86.5%, ETA 2026-08-27 19:30:02 UTC (in 25.9 min)
2026-08-27 19:04:18 UTC INFO    __workspace___hf__models__Phi-3_5-mini-instruct/stage3: 60/1320 done, 1.2s/item, elapsed 1.2 min, VRAM peak 86.5%, ETA 2026-08-27 19:29:50 UTC (in 25.5 min)
2026-08-27 19:04:27 UTC INFO    __workspace___hf__models__Phi-3_5-mini-instruct/stage3: 70/1320 done, 1.2s/item, elapsed 1.4 min, VRAM peak 86.5%, ETA 2026-08-27 19:28:58 UTC (in 24.5 min)
2026-08-27 19:04:39 UTC INFO    __workspace___hf__models__Phi-3_5-mini-instruct/stage3: 80/1320 done, 1.2s/item, elapsed 1.6 min, VRAM peak 86.5%, ETA 2026-08-27 19:28:58 UTC (in 24.3 min)
2026-08-27 19:04:50 UTC INFO    __workspace___hf__models__Phi-3_5-mini-instruct/stage3: 90/1320 done, 1.2s/item, elapsed 1.8 min, VRAM peak 86.5%, ETA 2026-08-27 19:28:50 UTC (in 24.0 min)
2026-08-27 19:05:02 UTC INFO    __workspace___hf__models__Phi-3_5-mini-instruct/stage3: 100/1320 done, 1.2s/item, elapsed 2.0 min, VRAM peak 86.5%, ETA 2026-08-27 19:28:58 UTC (in 23.9 min)
2026-08-27 19:05:12 UTC INFO    __workspace___hf__models__Phi-3_5-mini-instruct/stage3: 110/1320 done, 1.2s/item, elapsed 2.1 min, VRAM peak 86.5%, ETA 2026-08-27 19:28:38 UTC (in 23.4 min)
2026-08-27 19:05:25 UTC INFO    __workspace___hf__models__Phi-3_5-mini-instruct/stage3: 120/1320 done, 1.2s/item, elapsed 2.3 min, VRAM peak 86.5%, ETA 2026-08-27 19:28:54 UTC (in 23.5 min)
2026-08-27 19:05:36 UTC INFO    __workspace___hf__models__Phi-3_5-mini-instruct/stage3: 130/1320 done, 1.2s/item, elapsed 2.5 min, VRAM peak 86.5%, ETA 2026-08-27 19:28:43 UTC (in 23.1 min)
2026-08-27 19:05:48 UTC INFO    __workspace___hf__models__Phi-3_5-mini-instruct/stage3: 140/1320 done, 1.2s/item, elapsed 2.7 min, VRAM peak 86.5%, ETA 2026-08-27 19:28:44 UTC (in 22.9 min)
2026-08-27 19:06:00 UTC INFO    __workspace___hf__models__Phi-3_5-mini-instruct/stage3: 150/1320 done, 1.2s/item, elapsed 2.9 min, VRAM peak 86.5%, ETA 2026-08-27 19:28:45 UTC (in 22.7 min)
2026-08-27 19:06:13 UTC INFO    __workspace___hf__models__Phi-3_5-mini-instruct/stage3: 160/1320 done, 1.2s/item, elapsed 3.1 min, VRAM peak 86.5%, ETA 2026-08-27 19:29:00 UTC (in 22.8 min)
2026-08-27 19:06:22 UTC INFO    __workspace___hf__models__Phi-3_5-mini-instruct/stage3: 170/1320 done, 1.2s/item, elapsed 3.3 min, VRAM peak 86.5%, ETA 2026-08-27 19:28:35 UTC (in 22.2 min)
2026-08-27 19:06:35 UTC INFO    __workspace___hf__models__Phi-3_5-mini-instruct/stage3: 180/1320 done, 1.2s/item, elapsed 3.5 min, VRAM peak 86.5%, ETA 2026-08-27 19:28:48 UTC (in 22.2 min)
2026-08-27 19:06:47 UTC INFO    __workspace___hf__models__Phi-3_5-mini-instruct/stage3: 190/1320 done, 1.2s/item, elapsed 3.7 min, VRAM peak 86.5%, ETA 2026-08-27 19:28:49 UTC (in 22.0 min)
2026-08-27 19:06:59 UTC INFO    __workspace___hf__models__Phi-3_5-mini-instruct/stage3: 200/1320 done, 1.2s/item, elapsed 3.9 min, VRAM peak 86.5%, ETA 2026-08-27 19:28:50 UTC (in 21.9 min)
2026-08-27 19:07:15 UTC INFO    __workspace___hf__models__Phi-3_5-mini-instruct/stage3: 210/1320 done, 1.2s/item, elapsed 4.2 min, VRAM peak 86.5%, ETA 2026-08-27 19:29:15 UTC (in 22.0 min)
2026-08-27 19:07:26 UTC INFO    __workspace___hf__models__Phi-3_5-mini-instruct/stage3: 220/1320 done, 1.2s/item, elapsed 4.4 min, VRAM peak 86.5%, ETA 2026-08-27 19:29:13 UTC (in 21.8 min)
2026-08-27 19:07:40 UTC INFO    __workspace___hf__models__Phi-3_5-mini-instruct/stage3: 230/1320 done, 1.2s/item, elapsed 4.6 min, VRAM peak 86.5%, ETA 2026-08-27 19:29:23 UTC (in 21.7 min)
2026-08-27 19:07:54 UTC INFO    __workspace___hf__models__Phi-3_5-mini-instruct/stage3: 240/1320 done, 1.2s/item, elapsed 4.8 min, VRAM peak 86.5%, ETA 2026-08-27 19:29:39 UTC (in 21.7 min)
2026-08-27 19:08:05 UTC INFO    __workspace___hf__models__Phi-3_5-mini-instruct/stage3: 250/1320 done, 1.2s/item, elapsed 5.0 min, VRAM peak 86.5%, ETA 2026-08-27 19:29:32 UTC (in 21.4 min)
2026-08-27 19:08:16 UTC INFO    __workspace___hf__models__Phi-3_5-mini-instruct/stage3: 260/1320 done, 1.2s/item, elapsed 5.2 min, VRAM peak 86.5%, ETA 2026-08-27 19:29:24 UTC (in 21.1 min)
2026-08-27 19:08:30 UTC INFO    __workspace___hf__models__Phi-3_5-mini-instruct/stage3: 270/1320 done, 1.2s/item, elapsed 5.4 min, VRAM peak 86.5%, ETA 2026-08-27 19:29:35 UTC (in 21.1 min)
2026-08-27 19:08:41 UTC INFO    __workspace___hf__models__Phi-3_5-mini-instruct/stage3: 280/1320 done, 1.2s/item, elapsed 5.6 min, VRAM peak 86.5%, ETA 2026-08-27 19:29:31 UTC (in 20.8 min)
2026-08-27 19:08:53 UTC INFO    __workspace___hf__models__Phi-3_5-mini-instruct/stage3: 290/1320 done, 1.2s/item, elapsed 5.8 min, VRAM peak 86.5%, ETA 2026-08-27 19:29:30 UTC (in 20.6 min)
2026-08-27 19:09:04 UTC INFO    __workspace___hf__models__Phi-3_5-mini-instruct/stage3: 300/1320 done, 1.2s/item, elapsed 6.0 min, VRAM peak 86.5%, ETA 2026-08-27 19:29:24 UTC (in 20.3 min)
2026-08-27 19:09:16 UTC INFO    __workspace___hf__models__Phi-3_5-mini-instruct/stage3: 310/1320 done, 1.2s/item, elapsed 6.2 min, VRAM peak 86.5%, ETA 2026-08-27 19:29:27 UTC (in 20.2 min)
2026-08-27 19:09:27 UTC INFO    __workspace___hf__models__Phi-3_5-mini-instruct/stage3: 320/1320 done, 1.2s/item, elapsed 6.4 min, VRAM peak 86.5%, ETA 2026-08-27 19:29:23 UTC (in 19.9 min)
2026-08-27 19:09:39 UTC INFO    __workspace___hf__models__Phi-3_5-mini-instruct/stage3: 330/1320 done, 1.2s/item, elapsed 6.6 min, VRAM peak 86.5%, ETA 2026-08-27 19:29:22 UTC (in 19.7 min)
2026-08-27 19:09:50 UTC INFO    __workspace___hf__models__Phi-3_5-mini-instruct/stage3: 340/1320 done, 1.2s/item, elapsed 6.8 min, VRAM peak 86.5%, ETA 2026-08-27 19:29:17 UTC (in 19.5 min)
2026-08-27 19:10:02 UTC INFO    __workspace___hf__models__Phi-3_5-mini-instruct/stage3: 350/1320 done, 1.2s/item, elapsed 7.0 min, VRAM peak 86.5%, ETA 2026-08-27 19:29:18 UTC (in 19.3 min)
2026-08-27 19:10:12 UTC INFO    __workspace___hf__models__Phi-3_5-mini-instruct/stage3: 360/1320 done, 1.2s/item, elapsed 7.1 min, VRAM peak 86.5%, ETA 2026-08-27 19:29:10 UTC (in 19.0 min)
2026-08-27 19:10:24 UTC INFO    __workspace___hf__models__Phi-3_5-mini-instruct/stage3: 370/1320 done, 1.2s/item, elapsed 7.3 min, VRAM peak 86.5%, ETA 2026-08-27 19:29:13 UTC (in 18.8 min)
2026-08-27 19:10:34 UTC INFO    __workspace___hf__models__Phi-3_5-mini-instruct/stage3: 380/1320 done, 1.2s/item, elapsed 7.5 min, VRAM peak 86.5%, ETA 2026-08-27 19:29:06 UTC (in 18.5 min)
2026-08-27 19:10:44 UTC INFO    __workspace___hf__models__Phi-3_5-mini-instruct/stage3: 390/1320 done, 1.2s/item, elapsed 7.7 min, VRAM peak 86.5%, ETA 2026-08-27 19:28:58 UTC (in 18.2 min)
2026-08-27 19:10:54 UTC INFO    __workspace___hf__models__Phi-3_5-mini-instruct/stage3: 400/1320 done, 1.2s/item, elapsed 7.8 min, VRAM peak 86.5%, ETA 2026-08-27 19:28:55 UTC (in 18.0 min)
2026-08-27 19:11:05 UTC INFO    __workspace___hf__models__Phi-3_5-mini-instruct/stage3: 410/1320 done, 1.2s/item, elapsed 8.0 min, VRAM peak 86.5%, ETA 2026-08-27 19:28:52 UTC (in 17.8 min)
2026-08-27 19:11:18 UTC INFO    __workspace___hf__models__Phi-3_5-mini-instruct/stage3: 420/1320 done, 1.2s/item, elapsed 8.2 min, VRAM peak 86.5%, ETA 2026-08-27 19:28:55 UTC (in 17.6 min)
2026-08-27 19:11:28 UTC INFO    __workspace___hf__models__Phi-3_5-mini-instruct/stage3: 430/1320 done, 1.2s/item, elapsed 8.4 min, VRAM peak 86.5%, ETA 2026-08-27 19:28:49 UTC (in 17.4 min)
2026-08-27 19:11:39 UTC INFO    __workspace___hf__models__Phi-3_5-mini-instruct/stage3: 440/1320 done, 1.2s/item, elapsed 8.6 min, VRAM peak 86.5%, ETA 2026-08-27 19:28:48 UTC (in 17.1 min)
2026-08-27 19:11:54 UTC INFO    __workspace___hf__models__Phi-3_5-mini-instruct/stage3: 450/1320 done, 1.2s/item, elapsed 8.8 min, VRAM peak 86.5%, ETA 2026-08-27 19:28:58 UTC (in 17.1 min)
2026-08-27 19:12:07 UTC INFO    __workspace___hf__models__Phi-3_5-mini-instruct/stage3: 460/1320 done, 1.2s/item, elapsed 9.0 min, VRAM peak 86.5%, ETA 2026-08-27 19:29:00 UTC (in 16.9 min)
2026-08-27 19:12:21 UTC INFO    __workspace___hf__models__Phi-3_5-mini-instruct/stage3: 470/1320 done, 1.2s/item, elapsed 9.3 min, VRAM peak 86.5%, ETA 2026-08-27 19:29:07 UTC (in 16.8 min)
2026-08-27 19:12:32 UTC INFO    __workspace___hf__models__Phi-3_5-mini-instruct/stage3: 480/1320 done, 1.2s/item, elapsed 9.5 min, VRAM peak 86.5%, ETA 2026-08-27 19:29:05 UTC (in 16.5 min)
2026-08-27 19:12:46 UTC INFO    __workspace___hf__models__Phi-3_5-mini-instruct/stage3: 490/1320 done, 1.2s/item, elapsed 9.7 min, VRAM peak 86.5%, ETA 2026-08-27 19:29:10 UTC (in 16.4 min)
2026-08-27 19:12:59 UTC INFO    __workspace___hf__models__Phi-3_5-mini-instruct/stage3: 500/1320 done, 1.2s/item, elapsed 9.9 min, VRAM peak 86.9%, ETA 2026-08-27 19:29:13 UTC (in 16.2 min)
2026-08-27 19:13:14 UTC INFO    __workspace___hf__models__Phi-3_5-mini-instruct/stage3: 510/1320 done, 1.2s/item, elapsed 10.2 min, VRAM peak 86.9%, ETA 2026-08-27 19:29:22 UTC (in 16.1 min)
2026-08-27 19:13:26 UTC INFO    __workspace___hf__models__Phi-3_5-mini-instruct/stage3: 520/1320 done, 1.2s/item, elapsed 10.4 min, VRAM peak 86.9%, ETA 2026-08-27 19:29:22 UTC (in 15.9 min)
2026-08-27 19:13:38 UTC INFO    __workspace___hf__models__Phi-3_5-mini-instruct/stage3: 530/1320 done, 1.2s/item, elapsed 10.5 min, VRAM peak 86.9%, ETA 2026-08-27 19:29:21 UTC (in 15.7 min)
2026-08-27 19:13:50 UTC INFO    __workspace___hf__models__Phi-3_5-mini-instruct/stage3: 540/1320 done, 1.2s/item, elapsed 10.8 min, VRAM peak 86.9%, ETA 2026-08-27 19:29:23 UTC (in 15.5 min)
2026-08-27 19:14:07 UTC INFO    __workspace___hf__models__Phi-3_5-mini-instruct/stage3: 550/1320 done, 1.2s/item, elapsed 11.0 min, VRAM peak 86.9%, ETA 2026-08-27 19:29:34 UTC (in 15.5 min)
2026-08-27 19:14:20 UTC INFO    __workspace___hf__models__Phi-3_5-mini-instruct/stage3: 560/1320 done, 1.2s/item, elapsed 11.3 min, VRAM peak 86.9%, ETA 2026-08-27 19:29:37 UTC (in 15.3 min)
2026-08-27 19:14:33 UTC INFO    __workspace___hf__models__Phi-3_5-mini-instruct/stage3: 570/1320 done, 1.2s/item, elapsed 11.5 min, VRAM peak 86.9%, ETA 2026-08-27 19:29:38 UTC (in 15.1 min)
2026-08-27 19:14:44 UTC INFO    __workspace___hf__models__Phi-3_5-mini-instruct/stage3: 580/1320 done, 1.2s/item, elapsed 11.7 min, VRAM peak 86.9%, ETA 2026-08-27 19:29:37 UTC (in 14.9 min)
2026-08-27 19:14:55 UTC INFO    __workspace___hf__models__Phi-3_5-mini-instruct/stage3: 590/1320 done, 1.2s/item, elapsed 11.8 min, VRAM peak 86.9%, ETA 2026-08-27 19:29:35 UTC (in 14.7 min)
2026-08-27 19:15:09 UTC INFO    __workspace___hf__models__Phi-3_5-mini-instruct/stage3: 600/1320 done, 1.2s/item, elapsed 12.1 min, VRAM peak 86.9%, ETA 2026-08-27 19:29:37 UTC (in 14.5 min)
2026-08-27 19:15:20 UTC INFO    __workspace___hf__models__Phi-3_5-mini-instruct/stage3: 610/1320 done, 1.2s/item, elapsed 12.3 min, VRAM peak 86.9%, ETA 2026-08-27 19:29:36 UTC (in 14.3 min)
2026-08-27 19:15:31 UTC INFO    __workspace___hf__models__Phi-3_5-mini-instruct/stage3: 620/1320 done, 1.2s/item, elapsed 12.4 min, VRAM peak 86.9%, ETA 2026-08-27 19:29:33 UTC (in 14.0 min)
2026-08-27 19:15:43 UTC INFO    __workspace___hf__models__Phi-3_5-mini-instruct/stage3: 630/1320 done, 1.2s/item, elapsed 12.6 min, VRAM peak 86.9%, ETA 2026-08-27 19:29:34 UTC (in 13.8 min)
2026-08-27 19:15:55 UTC INFO    __workspace___hf__models__Phi-3_5-mini-instruct/stage3: 640/1320 done, 1.2s/item, elapsed 12.8 min, VRAM peak 86.9%, ETA 2026-08-27 19:29:34 UTC (in 13.6 min)
2026-08-27 19:16:07 UTC INFO    __workspace___hf__models__Phi-3_5-mini-instruct/stage3: 650/1320 done, 1.2s/item, elapsed 13.0 min, VRAM peak 86.9%, ETA 2026-08-27 19:29:34 UTC (in 13.4 min)
2026-08-27 19:16:17 UTC INFO    __workspace___hf__models__Phi-3_5-mini-instruct/stage3: 660/1320 done, 1.2s/item, elapsed 13.2 min, VRAM peak 86.9%, ETA 2026-08-27 19:29:29 UTC (in 13.2 min)
2026-08-27 19:16:38 UTC INFO    __workspace___hf__models__Phi-3_5-mini-instruct/stage3: 670/1320 done, 1.2s/item, elapsed 13.6 min, VRAM peak 86.9%, ETA 2026-08-27 19:29:47 UTC (in 13.1 min)
2026-08-27 19:16:49 UTC INFO    __workspace___hf__models__Phi-3_5-mini-instruct/stage3: 680/1320 done, 1.2s/item, elapsed 13.7 min, VRAM peak 86.9%, ETA 2026-08-27 19:29:45 UTC (in 12.9 min)
2026-08-27 19:16:59 UTC INFO    __workspace___hf__models__Phi-3_5-mini-instruct/stage3: 690/1320 done, 1.2s/item, elapsed 13.9 min, VRAM peak 86.9%, ETA 2026-08-27 19:29:41 UTC (in 12.7 min)
2026-08-27 19:17:12 UTC INFO    __workspace___hf__models__Phi-3_5-mini-instruct/stage3: 700/1320 done, 1.2s/item, elapsed 14.1 min, VRAM peak 86.9%, ETA 2026-08-27 19:29:42 UTC (in 12.5 min)
2026-08-27 19:17:23 UTC INFO    __workspace___hf__models__Phi-3_5-mini-instruct/stage3: 710/1320 done, 1.2s/item, elapsed 14.3 min, VRAM peak 86.9%, ETA 2026-08-27 19:29:41 UTC (in 12.3 min)
2026-08-27 19:17:37 UTC INFO    __workspace___hf__models__Phi-3_5-mini-instruct/stage3: 720/1320 done, 1.2s/item, elapsed 14.5 min, VRAM peak 86.9%, ETA 2026-08-27 19:29:45 UTC (in 12.1 min)
2026-08-27 19:17:48 UTC INFO    __workspace___hf__models__Phi-3_5-mini-instruct/stage3: 730/1320 done, 1.2s/item, elapsed 14.7 min, VRAM peak 86.9%, ETA 2026-08-27 19:29:43 UTC (in 11.9 min)
2026-08-27 19:17:59 UTC INFO    __workspace___hf__models__Phi-3_5-mini-instruct/stage3: 740/1320 done, 1.2s/item, elapsed 14.9 min, VRAM peak 86.9%, ETA 2026-08-27 19:29:40 UTC (in 11.7 min)
2026-08-27 19:18:09 UTC INFO    __workspace___hf__models__Phi-3_5-mini-instruct/stage3: 750/1320 done, 1.2s/item, elapsed 15.1 min, VRAM peak 86.9%, ETA 2026-08-27 19:29:37 UTC (in 11.5 min)
2026-08-27 19:18:22 UTC INFO    __workspace___hf__models__Phi-3_5-mini-instruct/stage3: 760/1320 done, 1.2s/item, elapsed 15.3 min, VRAM peak 86.9%, ETA 2026-08-27 19:29:38 UTC (in 11.3 min)
2026-08-27 19:18:33 UTC INFO    __workspace___hf__models__Phi-3_5-mini-instruct/stage3: 770/1320 done, 1.2s/item, elapsed 15.5 min, VRAM peak 86.9%, ETA 2026-08-27 19:29:36 UTC (in 11.1 min)
2026-08-27 19:18:46 UTC INFO    __workspace___hf__models__Phi-3_5-mini-instruct/stage3: 780/1320 done, 1.2s/item, elapsed 15.7 min, VRAM peak 86.9%, ETA 2026-08-27 19:29:38 UTC (in 10.9 min)
2026-08-27 19:18:58 UTC INFO    __workspace___hf__models__Phi-3_5-mini-instruct/stage3: 790/1320 done, 1.2s/item, elapsed 15.9 min, VRAM peak 86.9%, ETA 2026-08-27 19:29:38 UTC (in 10.7 min)
2026-08-27 19:19:13 UTC INFO    __workspace___hf__models__Phi-3_5-mini-instruct/stage3: 800/1320 done, 1.2s/item, elapsed 16.1 min, VRAM peak 86.9%, ETA 2026-08-27 19:29:43 UTC (in 10.5 min)
2026-08-27 19:19:24 UTC INFO    __workspace___hf__models__Phi-3_5-mini-instruct/stage3: 810/1320 done, 1.2s/item, elapsed 16.3 min, VRAM peak 86.9%, ETA 2026-08-27 19:29:40 UTC (in 10.3 min)
2026-08-27 19:19:37 UTC INFO    __workspace___hf__models__Phi-3_5-mini-instruct/stage3: 820/1320 done, 1.2s/item, elapsed 16.5 min, VRAM peak 86.9%, ETA 2026-08-27 19:29:43 UTC (in 10.1 min)
2026-08-27 19:19:48 UTC INFO    __workspace___hf__models__Phi-3_5-mini-instruct/stage3: 830/1320 done, 1.2s/item, elapsed 16.7 min, VRAM peak 86.9%, ETA 2026-08-27 19:29:40 UTC (in 9.9 min)
2026-08-27 19:20:02 UTC INFO    __workspace___hf__models__Phi-3_5-mini-instruct/stage3: 840/1320 done, 1.2s/item, elapsed 17.0 min, VRAM peak 86.9%, ETA 2026-08-27 19:29:43 UTC (in 9.7 min)
2026-08-27 19:20:16 UTC INFO    __workspace___hf__models__Phi-3_5-mini-instruct/stage3: 850/1320 done, 1.2s/item, elapsed 17.2 min, VRAM peak 86.9%, ETA 2026-08-27 19:29:46 UTC (in 9.5 min)
2026-08-27 19:20:26 UTC INFO    __workspace___hf__models__Phi-3_5-mini-instruct/stage3: 860/1320 done, 1.2s/item, elapsed 17.4 min, VRAM peak 86.9%, ETA 2026-08-27 19:29:44 UTC (in 9.3 min)
2026-08-27 19:20:39 UTC INFO    __workspace___hf__models__Phi-3_5-mini-instruct/stage3: 870/1320 done, 1.2s/item, elapsed 17.6 min, VRAM peak 86.9%, ETA 2026-08-27 19:29:45 UTC (in 9.1 min)
2026-08-27 19:20:50 UTC INFO    __workspace___hf__models__Phi-3_5-mini-instruct/stage3: 880/1320 done, 1.2s/item, elapsed 17.8 min, VRAM peak 86.9%, ETA 2026-08-27 19:29:43 UTC (in 8.9 min)
2026-08-27 19:21:01 UTC INFO    __workspace___hf__models__Phi-3_5-mini-instruct/stage3: 890/1320 done, 1.2s/item, elapsed 17.9 min, VRAM peak 86.9%, ETA 2026-08-27 19:29:41 UTC (in 8.7 min)
2026-08-27 19:21:13 UTC INFO    __workspace___hf__models__Phi-3_5-mini-instruct/stage3: 900/1320 done, 1.2s/item, elapsed 18.1 min, VRAM peak 86.9%, ETA 2026-08-27 19:29:42 UTC (in 8.5 min)
2026-08-27 19:21:27 UTC INFO    __workspace___hf__models__Phi-3_5-mini-instruct/stage3: 910/1320 done, 1.2s/item, elapsed 18.4 min, VRAM peak 86.9%, ETA 2026-08-27 19:29:43 UTC (in 8.3 min)
2026-08-27 19:21:37 UTC INFO    __workspace___hf__models__Phi-3_5-mini-instruct/stage3: 920/1320 done, 1.2s/item, elapsed 18.5 min, VRAM peak 86.9%, ETA 2026-08-27 19:29:41 UTC (in 8.1 min)
2026-08-27 19:21:49 UTC INFO    __workspace___hf__models__Phi-3_5-mini-instruct/stage3: 930/1320 done, 1.2s/item, elapsed 18.7 min, VRAM peak 86.9%, ETA 2026-08-27 19:29:41 UTC (in 7.9 min)
2026-08-27 19:22:01 UTC INFO    __workspace___hf__models__Phi-3_5-mini-instruct/stage3: 940/1320 done, 1.2s/item, elapsed 18.9 min, VRAM peak 86.9%, ETA 2026-08-27 19:29:40 UTC (in 7.7 min)
2026-08-27 19:22:11 UTC INFO    __workspace___hf__models__Phi-3_5-mini-instruct/stage3: 950/1320 done, 1.2s/item, elapsed 19.1 min, VRAM peak 86.9%, ETA 2026-08-27 19:29:37 UTC (in 7.4 min)
2026-08-27 19:22:21 UTC INFO    __workspace___hf__models__Phi-3_5-mini-instruct/stage3: 960/1320 done, 1.2s/item, elapsed 19.3 min, VRAM peak 86.9%, ETA 2026-08-27 19:29:35 UTC (in 7.2 min)
2026-08-27 19:22:34 UTC INFO    __workspace___hf__models__Phi-3_5-mini-instruct/stage3: 970/1320 done, 1.2s/item, elapsed 19.5 min, VRAM peak 86.9%, ETA 2026-08-27 19:29:36 UTC (in 7.0 min)
2026-08-27 19:22:46 UTC INFO    __workspace___hf__models__Phi-3_5-mini-instruct/stage3: 980/1320 done, 1.2s/item, elapsed 19.7 min, VRAM peak 86.9%, ETA 2026-08-27 19:29:36 UTC (in 6.8 min)
2026-08-27 19:22:59 UTC INFO    __workspace___hf__models__Phi-3_5-mini-instruct/stage3: 990/1320 done, 1.2s/item, elapsed 19.9 min, VRAM peak 86.9%, ETA 2026-08-27 19:29:37 UTC (in 6.6 min)
2026-08-27 19:23:09 UTC INFO    __workspace___hf__models__Phi-3_5-mini-instruct/stage3: 1000/1320 done, 1.2s/item, elapsed 20.1 min, VRAM peak 86.9%, ETA 2026-08-27 19:29:35 UTC (in 6.4 min)
2026-08-27 19:23:21 UTC INFO    __workspace___hf__models__Phi-3_5-mini-instruct/stage3: 1010/1320 done, 1.2s/item, elapsed 20.3 min, VRAM peak 86.9%, ETA 2026-08-27 19:29:35 UTC (in 6.2 min)
2026-08-27 19:23:34 UTC INFO    __workspace___hf__models__Phi-3_5-mini-instruct/stage3: 1020/1320 done, 1.2s/item, elapsed 20.5 min, VRAM peak 86.9%, ETA 2026-08-27 19:29:35 UTC (in 6.0 min)
2026-08-27 19:23:46 UTC INFO    __workspace___hf__models__Phi-3_5-mini-instruct/stage3: 1030/1320 done, 1.2s/item, elapsed 20.7 min, VRAM peak 86.9%, ETA 2026-08-27 19:29:35 UTC (in 5.8 min)
2026-08-27 19:23:57 UTC INFO    __workspace___hf__models__Phi-3_5-mini-instruct/stage3: 1040/1320 done, 1.2s/item, elapsed 20.9 min, VRAM peak 86.9%, ETA 2026-08-27 19:29:34 UTC (in 5.6 min)
2026-08-27 19:24:13 UTC INFO    __workspace___hf__models__Phi-3_5-mini-instruct/stage3: 1050/1320 done, 1.2s/item, elapsed 21.1 min, VRAM peak 86.9%, ETA 2026-08-27 19:29:39 UTC (in 5.4 min)
2026-08-27 19:24:26 UTC INFO    __workspace___hf__models__Phi-3_5-mini-instruct/stage3: 1060/1320 done, 1.2s/item, elapsed 21.4 min, VRAM peak 86.9%, ETA 2026-08-27 19:29:41 UTC (in 5.2 min)
2026-08-27 19:24:39 UTC INFO    __workspace___hf__models__Phi-3_5-mini-instruct/stage3: 1070/1320 done, 1.2s/item, elapsed 21.6 min, VRAM peak 86.9%, ETA 2026-08-27 19:29:41 UTC (in 5.0 min)
2026-08-27 19:24:50 UTC INFO    __workspace___hf__models__Phi-3_5-mini-instruct/stage3: 1080/1320 done, 1.2s/item, elapsed 21.8 min, VRAM peak 86.9%, ETA 2026-08-27 19:29:40 UTC (in 4.8 min)
2026-08-27 19:24:59 UTC INFO    __workspace___hf__models__Phi-3_5-mini-instruct/stage3: 1090/1320 done, 1.2s/item, elapsed 21.9 min, VRAM peak 86.9%, ETA 2026-08-27 19:29:36 UTC (in 4.6 min)
2026-08-27 19:25:12 UTC INFO    __workspace___hf__models__Phi-3_5-mini-instruct/stage3: 1100/1320 done, 1.2s/item, elapsed 22.1 min, VRAM peak 86.9%, ETA 2026-08-27 19:29:38 UTC (in 4.4 min)
2026-08-27 19:25:22 UTC INFO    __workspace___hf__models__Phi-3_5-mini-instruct/stage3: 1110/1320 done, 1.2s/item, elapsed 22.3 min, VRAM peak 86.9%, ETA 2026-08-27 19:29:35 UTC (in 4.2 min)
2026-08-27 19:25:36 UTC INFO    __workspace___hf__models__Phi-3_5-mini-instruct/stage3: 1120/1320 done, 1.2s/item, elapsed 22.5 min, VRAM peak 86.9%, ETA 2026-08-27 19:29:37 UTC (in 4.0 min)
2026-08-27 19:25:48 UTC INFO    __workspace___hf__models__Phi-3_5-mini-instruct/stage3: 1130/1320 done, 1.2s/item, elapsed 22.7 min, VRAM peak 86.9%, ETA 2026-08-27 19:29:38 UTC (in 3.8 min)
2026-08-27 19:26:00 UTC INFO    __workspace___hf__models__Phi-3_5-mini-instruct/stage3: 1140/1320 done, 1.2s/item, elapsed 22.9 min, VRAM peak 86.9%, ETA 2026-08-27 19:29:37 UTC (in 3.6 min)
2026-08-27 19:26:12 UTC INFO    __workspace___hf__models__Phi-3_5-mini-instruct/stage3: 1150/1320 done, 1.2s/item, elapsed 23.1 min, VRAM peak 86.9%, ETA 2026-08-27 19:29:37 UTC (in 3.4 min)
2026-08-27 19:26:26 UTC INFO    __workspace___hf__models__Phi-3_5-mini-instruct/stage3: 1160/1320 done, 1.2s/item, elapsed 23.4 min, VRAM peak 86.9%, ETA 2026-08-27 19:29:39 UTC (in 3.2 min)
2026-08-27 19:26:37 UTC INFO    __workspace___hf__models__Phi-3_5-mini-instruct/stage3: 1170/1320 done, 1.2s/item, elapsed 23.5 min, VRAM peak 86.9%, ETA 2026-08-27 19:29:39 UTC (in 3.0 min)
2026-08-27 19:26:48 UTC INFO    __workspace___hf__models__Phi-3_5-mini-instruct/stage3: 1180/1320 done, 1.2s/item, elapsed 23.7 min, VRAM peak 86.9%, ETA 2026-08-27 19:29:37 UTC (in 2.8 min)
2026-08-27 19:27:00 UTC INFO    __workspace___hf__models__Phi-3_5-mini-instruct/stage3: 1190/1320 done, 1.2s/item, elapsed 23.9 min, VRAM peak 86.9%, ETA 2026-08-27 19:29:36 UTC (in 2.6 min)
2026-08-27 19:27:10 UTC INFO    __workspace___hf__models__Phi-3_5-mini-instruct/stage3: 1200/1320 done, 1.2s/item, elapsed 24.1 min, VRAM peak 86.9%, ETA 2026-08-27 19:29:35 UTC (in 2.4 min)
2026-08-27 19:27:26 UTC INFO    __workspace___hf__models__Phi-3_5-mini-instruct/stage3: 1210/1320 done, 1.2s/item, elapsed 24.4 min, VRAM peak 87.1%, ETA 2026-08-27 19:29:39 UTC (in 2.2 min)
2026-08-27 19:27:38 UTC INFO    __workspace___hf__models__Phi-3_5-mini-instruct/stage3: 1220/1320 done, 1.2s/item, elapsed 24.6 min, VRAM peak 87.1%, ETA 2026-08-27 19:29:39 UTC (in 2.0 min)
2026-08-27 19:27:48 UTC INFO    __workspace___hf__models__Phi-3_5-mini-instruct/stage3: 1230/1320 done, 1.2s/item, elapsed 24.7 min, VRAM peak 87.1%, ETA 2026-08-27 19:29:36 UTC (in 1.8 min)
2026-08-27 19:28:00 UTC INFO    __workspace___hf__models__Phi-3_5-mini-instruct/stage3: 1240/1320 done, 1.2s/item, elapsed 24.9 min, VRAM peak 87.1%, ETA 2026-08-27 19:29:36 UTC (in 1.6 min)
2026-08-27 19:28:11 UTC INFO    __workspace___hf__models__Phi-3_5-mini-instruct/stage3: 1250/1320 done, 1.2s/item, elapsed 25.1 min, VRAM peak 87.1%, ETA 2026-08-27 19:29:36 UTC (in 1.4 min)
2026-08-27 19:28:23 UTC INFO    __workspace___hf__models__Phi-3_5-mini-instruct/stage3: 1260/1320 done, 1.2s/item, elapsed 25.3 min, VRAM peak 87.1%, ETA 2026-08-27 19:29:36 UTC (in 1.2 min)
2026-08-27 19:28:35 UTC INFO    __workspace___hf__models__Phi-3_5-mini-instruct/stage3: 1270/1320 done, 1.2s/item, elapsed 25.5 min, VRAM peak 87.1%, ETA 2026-08-27 19:29:35 UTC (in 1.0 min)
2026-08-27 19:28:45 UTC INFO    __workspace___hf__models__Phi-3_5-mini-instruct/stage3: 1280/1320 done, 1.2s/item, elapsed 25.7 min, VRAM peak 87.1%, ETA 2026-08-27 19:29:34 UTC (in 0.8 min)
2026-08-27 19:28:58 UTC INFO    __workspace___hf__models__Phi-3_5-mini-instruct/stage3: 1290/1320 done, 1.2s/item, elapsed 25.9 min, VRAM peak 87.1%, ETA 2026-08-27 19:29:34 UTC (in 0.6 min)
2026-08-27 19:29:10 UTC INFO    __workspace___hf__models__Phi-3_5-mini-instruct/stage3: 1300/1320 done, 1.2s/item, elapsed 26.1 min, VRAM peak 87.1%, ETA 2026-08-27 19:29:34 UTC (in 0.4 min)
2026-08-27 19:29:21 UTC INFO    __workspace___hf__models__Phi-3_5-mini-instruct/stage3: 1310/1320 done, 1.2s/item, elapsed 26.3 min, VRAM peak 87.1%, ETA 2026-08-27 19:29:33 UTC (in 0.2 min)
2026-08-27 19:29:32 UTC INFO    __workspace___hf__models__Phi-3_5-mini-instruct/stage3: 1320/1320 done, 1.2s/item, elapsed 26.4 min, VRAM peak 87.1%, ETA 2026-08-27 19:29:32 UTC (in 0.0 min)
2026-08-27 19:29:32 UTC INFO    GPU ledger: +1586.8s for __workspace___hf__models__Phi-3_5-mini-instruct/stage3, cumulative 79309.1s (22.03 h, 81.6% of the 27 h allowance)
2026-08-27 19:29:32 UTC INFO    /workspace/.hf/models/Phi-3.5-mini-instruct stage3: {"n_items": 132, "condition_counts": {"R0": {"chosen_rival": 0, "unreadable": 0, "n": 132}, "R1": {"chosen_rival": 12, "unreadable": 0, "n": 132}, "R2": {"chosen_rival": 6, "unreadable": 0, "n": 132}, "R3": {"chosen_rival": 3, "unreadable": 0, "n": 132}, "R4": {"chosen_rival": 3, "unreadable": 0, "n": 132}}, "abort_reason": null, "elapsed_min": 26.45}
2026-08-27 19:29:53 UTC INFO    /workspace/.hf/models/granite-3.0-8b-instruct stage1: {"items": 1200, "usable": 173, "unreadable_choice": 7, "replayed_from": "results/e1/stage1_combined_v2.jsonl"}
2026-08-27 19:29:58 UTC INFO    /workspace/.hf/models/granite-3.0-8b-instruct stage2: {"attempted": 173, "built": 54, "dropped": 119, "search_cap_hit": 111}
2026-08-27 19:30:51 UTC INFO    /workspace/.hf/models/granite-3.0-8b-instruct loaded: bfloat16, max_model_len=4096, mem target 0.85, eager=False, VRAM now 86.1%
2026-08-27 19:31:03 UTC INFO    __workspace___hf__models__granite-3_0-8b-instruct/stage3: 10/540 done, 1.2s/item, elapsed 0.2 min, VRAM peak 86.4%, ETA 2026-08-27 19:41:34 UTC (in 10.5 min)
2026-08-27 19:31:19 UTC INFO    __workspace___hf__models__granite-3_0-8b-instruct/stage3: 20/540 done, 1.4s/item, elapsed 0.5 min, VRAM peak 87.6%, ETA 2026-08-27 19:43:24 UTC (in 12.1 min)
2026-08-27 19:31:37 UTC INFO    __workspace___hf__models__granite-3_0-8b-instruct/stage3: 30/540 done, 1.5s/item, elapsed 0.8 min, VRAM peak 87.6%, ETA 2026-08-27 19:44:37 UTC (in 13.0 min)
2026-08-27 19:31:50 UTC INFO    __workspace___hf__models__granite-3_0-8b-instruct/stage3: 40/540 done, 1.5s/item, elapsed 1.0 min, VRAM peak 87.6%, ETA 2026-08-27 19:44:05 UTC (in 12.2 min)
2026-08-27 19:32:04 UTC INFO    __workspace___hf__models__granite-3_0-8b-instruct/stage3: 50/540 done, 1.5s/item, elapsed 1.2 min, VRAM peak 87.6%, ETA 2026-08-27 19:44:03 UTC (in 12.0 min)
2026-08-27 19:32:15 UTC INFO    __workspace___hf__models__granite-3_0-8b-instruct/stage3: 60/540 done, 1.4s/item, elapsed 1.4 min, VRAM peak 87.6%, ETA 2026-08-27 19:43:29 UTC (in 11.2 min)
2026-08-27 19:32:31 UTC INFO    __workspace___hf__models__granite-3_0-8b-instruct/stage3: 70/540 done, 1.4s/item, elapsed 1.7 min, VRAM peak 87.6%, ETA 2026-08-27 19:43:44 UTC (in 11.2 min)
2026-08-27 19:32:49 UTC INFO    __workspace___hf__models__granite-3_0-8b-instruct/stage3: 80/540 done, 1.5s/item, elapsed 2.0 min, VRAM peak 87.6%, ETA 2026-08-27 19:44:10 UTC (in 11.3 min)
2026-08-27 19:33:05 UTC INFO    __workspace___hf__models__granite-3_0-8b-instruct/stage3: 90/540 done, 1.5s/item, elapsed 2.2 min, VRAM peak 87.6%, ETA 2026-08-27 19:44:13 UTC (in 11.1 min)
2026-08-27 19:33:20 UTC INFO    __workspace___hf__models__granite-3_0-8b-instruct/stage3: 100/540 done, 1.5s/item, elapsed 2.5 min, VRAM peak 87.6%, ETA 2026-08-27 19:44:18 UTC (in 11.0 min)
2026-08-27 19:33:32 UTC INFO    __workspace___hf__models__granite-3_0-8b-instruct/stage3: 110/540 done, 1.5s/item, elapsed 2.7 min, VRAM peak 87.6%, ETA 2026-08-27 19:44:01 UTC (in 10.5 min)
2026-08-27 19:33:48 UTC INFO    __workspace___hf__models__granite-3_0-8b-instruct/stage3: 120/540 done, 1.5s/item, elapsed 3.0 min, VRAM peak 87.6%, ETA 2026-08-27 19:44:08 UTC (in 10.3 min)
2026-08-27 19:34:01 UTC INFO    __workspace___hf__models__granite-3_0-8b-instruct/stage3: 130/540 done, 1.5s/item, elapsed 3.2 min, VRAM peak 87.6%, ETA 2026-08-27 19:44:00 UTC (in 10.0 min)
2026-08-27 19:34:15 UTC INFO    __workspace___hf__models__granite-3_0-8b-instruct/stage3: 140/540 done, 1.5s/item, elapsed 3.4 min, VRAM peak 87.6%, ETA 2026-08-27 19:43:56 UTC (in 9.7 min)
2026-08-27 19:34:29 UTC INFO    __workspace___hf__models__granite-3_0-8b-instruct/stage3: 150/540 done, 1.5s/item, elapsed 3.6 min, VRAM peak 87.6%, ETA 2026-08-27 19:43:57 UTC (in 9.5 min)
2026-08-27 19:34:40 UTC INFO    __workspace___hf__models__granite-3_0-8b-instruct/stage3: 160/540 done, 1.4s/item, elapsed 3.8 min, VRAM peak 87.6%, ETA 2026-08-27 19:43:45 UTC (in 9.1 min)
2026-08-27 19:35:11 UTC INFO    __workspace___hf__models__granite-3_0-8b-instruct/stage3: 170/540 done, 1.5s/item, elapsed 4.3 min, VRAM peak 87.6%, ETA 2026-08-27 19:44:36 UTC (in 9.4 min)
2026-08-27 19:35:26 UTC INFO    __workspace___hf__models__granite-3_0-8b-instruct/stage3: 180/540 done, 1.5s/item, elapsed 4.6 min, VRAM peak 87.6%, ETA 2026-08-27 19:44:36 UTC (in 9.2 min)
2026-08-27 19:35:44 UTC INFO    __workspace___hf__models__granite-3_0-8b-instruct/stage3: 190/540 done, 1.5s/item, elapsed 4.9 min, VRAM peak 87.6%, ETA 2026-08-27 19:44:44 UTC (in 9.0 min)
2026-08-27 19:36:01 UTC INFO    __workspace___hf__models__granite-3_0-8b-instruct/stage3: 200/540 done, 1.5s/item, elapsed 5.2 min, VRAM peak 87.6%, ETA 2026-08-27 19:44:47 UTC (in 8.8 min)
2026-08-27 19:36:19 UTC INFO    __workspace___hf__models__granite-3_0-8b-instruct/stage3: 210/540 done, 1.6s/item, elapsed 5.5 min, VRAM peak 87.6%, ETA 2026-08-27 19:44:54 UTC (in 8.6 min)
2026-08-27 19:36:29 UTC INFO    __workspace___hf__models__granite-3_0-8b-instruct/stage3: 220/540 done, 1.5s/item, elapsed 5.6 min, VRAM peak 87.6%, ETA 2026-08-27 19:44:41 UTC (in 8.2 min)
2026-08-27 19:36:48 UTC INFO    __workspace___hf__models__granite-3_0-8b-instruct/stage3: 230/540 done, 1.6s/item, elapsed 5.9 min, VRAM peak 87.6%, ETA 2026-08-27 19:44:49 UTC (in 8.0 min)
2026-08-27 19:37:02 UTC INFO    __workspace___hf__models__granite-3_0-8b-instruct/stage3: 240/540 done, 1.5s/item, elapsed 6.2 min, VRAM peak 87.6%, ETA 2026-08-27 19:44:47 UTC (in 7.7 min)
2026-08-27 19:37:17 UTC INFO    __workspace___hf__models__granite-3_0-8b-instruct/stage3: 250/540 done, 1.5s/item, elapsed 6.4 min, VRAM peak 87.6%, ETA 2026-08-27 19:44:46 UTC (in 7.5 min)
2026-08-27 19:37:31 UTC INFO    __workspace___hf__models__granite-3_0-8b-instruct/stage3: 260/540 done, 1.5s/item, elapsed 6.7 min, VRAM peak 87.6%, ETA 2026-08-27 19:44:41 UTC (in 7.2 min)
2026-08-27 19:37:43 UTC INFO    __workspace___hf__models__granite-3_0-8b-instruct/stage3: 270/540 done, 1.5s/item, elapsed 6.9 min, VRAM peak 87.6%, ETA 2026-08-27 19:44:34 UTC (in 6.9 min)
2026-08-27 19:37:57 UTC INFO    __workspace___hf__models__granite-3_0-8b-instruct/stage3: 280/540 done, 1.5s/item, elapsed 7.1 min, VRAM peak 87.6%, ETA 2026-08-27 19:44:32 UTC (in 6.6 min)
2026-08-27 19:38:12 UTC INFO    __workspace___hf__models__granite-3_0-8b-instruct/stage3: 290/540 done, 1.5s/item, elapsed 7.4 min, VRAM peak 87.6%, ETA 2026-08-27 19:44:33 UTC (in 6.3 min)
2026-08-27 19:38:27 UTC INFO    __workspace___hf__models__granite-3_0-8b-instruct/stage3: 300/540 done, 1.5s/item, elapsed 7.6 min, VRAM peak 87.6%, ETA 2026-08-27 19:44:32 UTC (in 6.1 min)
2026-08-27 19:38:41 UTC INFO    __workspace___hf__models__granite-3_0-8b-instruct/stage3: 310/540 done, 1.5s/item, elapsed 7.8 min, VRAM peak 87.6%, ETA 2026-08-27 19:44:30 UTC (in 5.8 min)
2026-08-27 19:38:54 UTC INFO    __workspace___hf__models__granite-3_0-8b-instruct/stage3: 320/540 done, 1.5s/item, elapsed 8.1 min, VRAM peak 87.6%, ETA 2026-08-27 19:44:26 UTC (in 5.5 min)
2026-08-27 19:39:09 UTC INFO    __workspace___hf__models__granite-3_0-8b-instruct/stage3: 330/540 done, 1.5s/item, elapsed 8.3 min, VRAM peak 87.6%, ETA 2026-08-27 19:44:25 UTC (in 5.3 min)
2026-08-27 19:39:18 UTC INFO    __workspace___hf__models__granite-3_0-8b-instruct/stage3: 340/540 done, 1.5s/item, elapsed 8.4 min, VRAM peak 87.6%, ETA 2026-08-27 19:44:16 UTC (in 5.0 min)
2026-08-27 19:39:31 UTC INFO    __workspace___hf__models__granite-3_0-8b-instruct/stage3: 350/540 done, 1.5s/item, elapsed 8.7 min, VRAM peak 87.6%, ETA 2026-08-27 19:44:14 UTC (in 4.7 min)
2026-08-27 19:39:44 UTC INFO    __workspace___hf__models__granite-3_0-8b-instruct/stage3: 360/540 done, 1.5s/item, elapsed 8.9 min, VRAM peak 87.6%, ETA 2026-08-27 19:44:10 UTC (in 4.4 min)
2026-08-27 19:39:52 UTC INFO    __workspace___hf__models__granite-3_0-8b-instruct/stage3: 370/540 done, 1.5s/item, elapsed 9.0 min, VRAM peak 87.6%, ETA 2026-08-27 19:44:01 UTC (in 4.1 min)
2026-08-27 19:40:05 UTC INFO    __workspace___hf__models__granite-3_0-8b-instruct/stage3: 380/540 done, 1.5s/item, elapsed 9.2 min, VRAM peak 87.6%, ETA 2026-08-27 19:43:58 UTC (in 3.9 min)
2026-08-27 19:40:16 UTC INFO    __workspace___hf__models__granite-3_0-8b-instruct/stage3: 390/540 done, 1.4s/item, elapsed 9.4 min, VRAM peak 87.6%, ETA 2026-08-27 19:43:54 UTC (in 3.6 min)
2026-08-27 19:40:28 UTC INFO    __workspace___hf__models__granite-3_0-8b-instruct/stage3: 400/540 done, 1.4s/item, elapsed 9.6 min, VRAM peak 87.6%, ETA 2026-08-27 19:43:50 UTC (in 3.4 min)
2026-08-27 19:40:40 UTC INFO    __workspace___hf__models__granite-3_0-8b-instruct/stage3: 410/540 done, 1.4s/item, elapsed 9.8 min, VRAM peak 87.6%, ETA 2026-08-27 19:43:46 UTC (in 3.1 min)
2026-08-27 19:40:56 UTC INFO    __workspace___hf__models__granite-3_0-8b-instruct/stage3: 420/540 done, 1.4s/item, elapsed 10.1 min, VRAM peak 87.6%, ETA 2026-08-27 19:43:49 UTC (in 2.9 min)
2026-08-27 19:41:08 UTC INFO    __workspace___hf__models__granite-3_0-8b-instruct/stage3: 430/540 done, 1.4s/item, elapsed 10.3 min, VRAM peak 87.6%, ETA 2026-08-27 19:43:46 UTC (in 2.6 min)
2026-08-27 19:41:22 UTC INFO    __workspace___hf__models__granite-3_0-8b-instruct/stage3: 440/540 done, 1.4s/item, elapsed 10.5 min, VRAM peak 87.6%, ETA 2026-08-27 19:43:45 UTC (in 2.4 min)
2026-08-27 19:41:44 UTC INFO    __workspace___hf__models__granite-3_0-8b-instruct/stage3: 450/540 done, 1.5s/item, elapsed 10.9 min, VRAM peak 87.6%, ETA 2026-08-27 19:43:55 UTC (in 2.2 min)
2026-08-27 19:42:00 UTC INFO    __workspace___hf__models__granite-3_0-8b-instruct/stage3: 460/540 done, 1.5s/item, elapsed 11.1 min, VRAM peak 87.6%, ETA 2026-08-27 19:43:56 UTC (in 1.9 min)
2026-08-27 19:42:18 UTC INFO    __workspace___hf__models__granite-3_0-8b-instruct/stage3: 470/540 done, 1.5s/item, elapsed 11.5 min, VRAM peak 87.6%, ETA 2026-08-27 19:44:00 UTC (in 1.7 min)
2026-08-27 19:42:35 UTC INFO    __workspace___hf__models__granite-3_0-8b-instruct/stage3: 480/540 done, 1.5s/item, elapsed 11.7 min, VRAM peak 87.6%, ETA 2026-08-27 19:44:03 UTC (in 1.5 min)
2026-08-27 19:42:51 UTC INFO    __workspace___hf__models__granite-3_0-8b-instruct/stage3: 490/540 done, 1.5s/item, elapsed 12.0 min, VRAM peak 87.6%, ETA 2026-08-27 19:44:05 UTC (in 1.2 min)
2026-08-27 19:43:08 UTC INFO    __workspace___hf__models__granite-3_0-8b-instruct/stage3: 500/540 done, 1.5s/item, elapsed 12.3 min, VRAM peak 87.6%, ETA 2026-08-27 19:44:07 UTC (in 1.0 min)
2026-08-27 19:43:26 UTC INFO    __workspace___hf__models__granite-3_0-8b-instruct/stage3: 510/540 done, 1.5s/item, elapsed 12.6 min, VRAM peak 87.6%, ETA 2026-08-27 19:44:11 UTC (in 0.7 min)
2026-08-27 19:43:39 UTC INFO    __workspace___hf__models__granite-3_0-8b-instruct/stage3: 520/540 done, 1.5s/item, elapsed 12.8 min, VRAM peak 87.6%, ETA 2026-08-27 19:44:09 UTC (in 0.5 min)
2026-08-27 19:44:02 UTC INFO    __workspace___hf__models__granite-3_0-8b-instruct/stage3: 530/540 done, 1.5s/item, elapsed 13.2 min, VRAM peak 87.6%, ETA 2026-08-27 19:44:17 UTC (in 0.2 min)
2026-08-27 19:44:16 UTC INFO    __workspace___hf__models__granite-3_0-8b-instruct/stage3: 540/540 done, 1.5s/item, elapsed 13.4 min, VRAM peak 87.6%, ETA 2026-08-27 19:44:16 UTC (in 0.0 min)
2026-08-27 19:44:16 UTC INFO    GPU ledger: +805.1s for __workspace___hf__models__granite-3_0-8b-instruct/stage3, cumulative 80114.2s (22.25 h, 82.4% of the 27 h allowance)
2026-08-27 19:44:16 UTC INFO    /workspace/.hf/models/granite-3.0-8b-instruct stage3: {"n_items": 54, "condition_counts": {"R0": {"chosen_rival": 0, "unreadable": 0, "n": 54}, "R1": {"chosen_rival": 5, "unreadable": 0, "n": 54}, "R2": {"chosen_rival": 3, "unreadable": 0, "n": 54}, "R3": {"chosen_rival": 1, "unreadable": 0, "n": 54}, "R4": {"chosen_rival": 2, "unreadable": 0, "n": 54}}, "abort_reason": null, "elapsed_min": 13.42}
2026-08-27 19:44:22 UTC INFO    wrote results/e1_pooled/experiment_summary.json
