2026-08-27 19:46:00 UTC INFO    started 2026-08-27 19:46:00 UTC on Linux-6.5.0-35-generic-x86_64-with-glibc2.35
2026-08-27 19:46:00 UTC INFO    loading framolfese/2WikiMultihopQA [validation], scanning 16000 records
2026-08-27 19:46:08 UTC INFO    built 400 items from 12576 records
2026-08-27 19:46:09 UTC INFO    longest prompt about 1789 tokens; max_model_len=4096 (floor 2048, cap 8192)
2026-08-27 19:46:10 UTC INFO    detected 23.6 GiB of VRAM, capability (8, 6) -> the 3090ti roster
2026-08-27 19:46:10 UTC INFO    replaying stage 1 from results/e1/stage1___workspace___hf__models__granite-3_0-8b-instruct.jsonl for model(s) ['/workspace/.hf/models/granite-3.0-8b-instruct']
2026-08-27 19:46:15 UTC INFO    /workspace/.hf/models/granite-3.0-8b-instruct stage1: {"items": 1200, "usable": 173, "unreadable_choice": 7, "replayed_from": "results/e1/stage1___workspace___hf__models__granite-3_0-8b-instruct.jsonl"}
2026-08-27 19:46:20 UTC INFO    /workspace/.hf/models/granite-3.0-8b-instruct stage2: {"attempted": 173, "built": 54, "dropped": 119, "search_cap_hit": 111}
2026-08-27 19:47:18 UTC INFO    /workspace/.hf/models/granite-3.0-8b-instruct loaded: bfloat16, max_model_len=4096, mem target 0.85, eager=False, VRAM now 84.8%
2026-08-27 19:47:31 UTC INFO    __workspace___hf__models__granite-3_0-8b-instruct/stage3: 10/540 done, 1.2s/item, elapsed 0.2 min, VRAM peak 85.2%, ETA 2026-08-27 19:58:07 UTC (in 10.6 min)
2026-08-27 19:47:46 UTC INFO    __workspace___hf__models__granite-3_0-8b-instruct/stage3: 20/540 done, 1.4s/item, elapsed 0.5 min, VRAM peak 86.5%, ETA 2026-08-27 19:59:53 UTC (in 12.1 min)
2026-08-27 19:48:04 UTC INFO    __workspace___hf__models__granite-3_0-8b-instruct/stage3: 30/540 done, 1.5s/item, elapsed 0.8 min, VRAM peak 86.5%, ETA 2026-08-27 20:01:04 UTC (in 13.0 min)
2026-08-27 19:48:17 UTC INFO    __workspace___hf__models__granite-3_0-8b-instruct/stage3: 40/540 done, 1.5s/item, elapsed 1.0 min, VRAM peak 86.5%, ETA 2026-08-27 20:00:31 UTC (in 12.2 min)
2026-08-27 19:48:32 UTC INFO    __workspace___hf__models__granite-3_0-8b-instruct/stage3: 50/540 done, 1.5s/item, elapsed 1.2 min, VRAM peak 86.5%, ETA 2026-08-27 20:00:29 UTC (in 12.0 min)
2026-08-27 19:48:43 UTC INFO    __workspace___hf__models__granite-3_0-8b-instruct/stage3: 60/540 done, 1.4s/item, elapsed 1.4 min, VRAM peak 86.5%, ETA 2026-08-27 19:59:56 UTC (in 11.2 min)
2026-08-27 19:48:59 UTC INFO    __workspace___hf__models__granite-3_0-8b-instruct/stage3: 70/540 done, 1.4s/item, elapsed 1.7 min, VRAM peak 86.5%, ETA 2026-08-27 20:00:11 UTC (in 11.2 min)
2026-08-27 19:49:17 UTC INFO    __workspace___hf__models__granite-3_0-8b-instruct/stage3: 80/540 done, 1.5s/item, elapsed 2.0 min, VRAM peak 86.5%, ETA 2026-08-27 20:00:37 UTC (in 11.3 min)
2026-08-27 19:49:32 UTC INFO    __workspace___hf__models__granite-3_0-8b-instruct/stage3: 90/540 done, 1.5s/item, elapsed 2.2 min, VRAM peak 86.5%, ETA 2026-08-27 20:00:39 UTC (in 11.1 min)
2026-08-27 19:49:48 UTC INFO    __workspace___hf__models__granite-3_0-8b-instruct/stage3: 100/540 done, 1.5s/item, elapsed 2.5 min, VRAM peak 86.5%, ETA 2026-08-27 20:00:44 UTC (in 10.9 min)
2026-08-27 19:49:59 UTC INFO    __workspace___hf__models__granite-3_0-8b-instruct/stage3: 110/540 done, 1.5s/item, elapsed 2.7 min, VRAM peak 86.5%, ETA 2026-08-27 20:00:27 UTC (in 10.5 min)
2026-08-27 19:50:15 UTC INFO    __workspace___hf__models__granite-3_0-8b-instruct/stage3: 120/540 done, 1.5s/item, elapsed 2.9 min, VRAM peak 86.5%, ETA 2026-08-27 20:00:34 UTC (in 10.3 min)
2026-08-27 19:50:28 UTC INFO    __workspace___hf__models__granite-3_0-8b-instruct/stage3: 130/540 done, 1.5s/item, elapsed 3.2 min, VRAM peak 86.5%, ETA 2026-08-27 20:00:26 UTC (in 10.0 min)
2026-08-27 19:50:42 UTC INFO    __workspace___hf__models__granite-3_0-8b-instruct/stage3: 140/540 done, 1.5s/item, elapsed 3.4 min, VRAM peak 86.5%, ETA 2026-08-27 20:00:23 UTC (in 9.7 min)
2026-08-27 19:50:57 UTC INFO    __workspace___hf__models__granite-3_0-8b-instruct/stage3: 150/540 done, 1.5s/item, elapsed 3.6 min, VRAM peak 86.5%, ETA 2026-08-27 20:00:24 UTC (in 9.5 min)
2026-08-27 19:51:07 UTC INFO    __workspace___hf__models__granite-3_0-8b-instruct/stage3: 160/540 done, 1.4s/item, elapsed 3.8 min, VRAM peak 86.5%, ETA 2026-08-27 20:00:11 UTC (in 9.1 min)
2026-08-27 19:51:38 UTC INFO    __workspace___hf__models__granite-3_0-8b-instruct/stage3: 170/540 done, 1.5s/item, elapsed 4.3 min, VRAM peak 86.5%, ETA 2026-08-27 20:01:03 UTC (in 9.4 min)
2026-08-27 19:51:53 UTC INFO    __workspace___hf__models__granite-3_0-8b-instruct/stage3: 180/540 done, 1.5s/item, elapsed 4.6 min, VRAM peak 86.5%, ETA 2026-08-27 20:01:03 UTC (in 9.2 min)
2026-08-27 19:52:11 UTC INFO    __workspace___hf__models__granite-3_0-8b-instruct/stage3: 190/540 done, 1.5s/item, elapsed 4.9 min, VRAM peak 86.5%, ETA 2026-08-27 20:01:11 UTC (in 9.0 min)
2026-08-27 19:52:28 UTC INFO    __workspace___hf__models__granite-3_0-8b-instruct/stage3: 200/540 done, 1.5s/item, elapsed 5.2 min, VRAM peak 86.5%, ETA 2026-08-27 20:01:15 UTC (in 8.8 min)
2026-08-27 19:52:46 UTC INFO    __workspace___hf__models__granite-3_0-8b-instruct/stage3: 210/540 done, 1.6s/item, elapsed 5.5 min, VRAM peak 86.5%, ETA 2026-08-27 20:01:21 UTC (in 8.6 min)
2026-08-27 19:52:57 UTC INFO    __workspace___hf__models__granite-3_0-8b-instruct/stage3: 220/540 done, 1.5s/item, elapsed 5.6 min, VRAM peak 86.5%, ETA 2026-08-27 20:01:08 UTC (in 8.2 min)
2026-08-27 19:53:15 UTC INFO    __workspace___hf__models__granite-3_0-8b-instruct/stage3: 230/540 done, 1.6s/item, elapsed 5.9 min, VRAM peak 86.5%, ETA 2026-08-27 20:01:16 UTC (in 8.0 min)
2026-08-27 19:53:30 UTC INFO    __workspace___hf__models__granite-3_0-8b-instruct/stage3: 240/540 done, 1.5s/item, elapsed 6.2 min, VRAM peak 86.5%, ETA 2026-08-27 20:01:14 UTC (in 7.7 min)
2026-08-27 19:53:45 UTC INFO    __workspace___hf__models__granite-3_0-8b-instruct/stage3: 250/540 done, 1.5s/item, elapsed 6.4 min, VRAM peak 86.5%, ETA 2026-08-27 20:01:13 UTC (in 7.5 min)
2026-08-27 19:53:58 UTC INFO    __workspace___hf__models__granite-3_0-8b-instruct/stage3: 260/540 done, 1.5s/item, elapsed 6.7 min, VRAM peak 86.5%, ETA 2026-08-27 20:01:09 UTC (in 7.2 min)
2026-08-27 19:54:10 UTC INFO    __workspace___hf__models__granite-3_0-8b-instruct/stage3: 270/540 done, 1.5s/item, elapsed 6.9 min, VRAM peak 86.5%, ETA 2026-08-27 20:01:02 UTC (in 6.9 min)
2026-08-27 19:54:24 UTC INFO    __workspace___hf__models__granite-3_0-8b-instruct/stage3: 280/540 done, 1.5s/item, elapsed 7.1 min, VRAM peak 86.5%, ETA 2026-08-27 20:00:59 UTC (in 6.6 min)
2026-08-27 19:54:40 UTC INFO    __workspace___hf__models__granite-3_0-8b-instruct/stage3: 290/540 done, 1.5s/item, elapsed 7.4 min, VRAM peak 86.5%, ETA 2026-08-27 20:01:00 UTC (in 6.3 min)
2026-08-27 19:54:55 UTC INFO    __workspace___hf__models__granite-3_0-8b-instruct/stage3: 300/540 done, 1.5s/item, elapsed 7.6 min, VRAM peak 86.5%, ETA 2026-08-27 20:00:59 UTC (in 6.1 min)
2026-08-27 19:55:09 UTC INFO    __workspace___hf__models__granite-3_0-8b-instruct/stage3: 310/540 done, 1.5s/item, elapsed 7.8 min, VRAM peak 86.5%, ETA 2026-08-27 20:00:57 UTC (in 5.8 min)
2026-08-27 19:55:22 UTC INFO    __workspace___hf__models__granite-3_0-8b-instruct/stage3: 320/540 done, 1.5s/item, elapsed 8.1 min, VRAM peak 86.5%, ETA 2026-08-27 20:00:54 UTC (in 5.5 min)
2026-08-27 19:55:36 UTC INFO    __workspace___hf__models__granite-3_0-8b-instruct/stage3: 330/540 done, 1.5s/item, elapsed 8.3 min, VRAM peak 86.5%, ETA 2026-08-27 20:00:53 UTC (in 5.3 min)
2026-08-27 19:55:46 UTC INFO    __workspace___hf__models__granite-3_0-8b-instruct/stage3: 340/540 done, 1.5s/item, elapsed 8.5 min, VRAM peak 86.5%, ETA 2026-08-27 20:00:44 UTC (in 5.0 min)
2026-08-27 19:55:59 UTC INFO    __workspace___hf__models__granite-3_0-8b-instruct/stage3: 350/540 done, 1.5s/item, elapsed 8.7 min, VRAM peak 86.5%, ETA 2026-08-27 20:00:41 UTC (in 4.7 min)
2026-08-27 19:56:11 UTC INFO    __workspace___hf__models__granite-3_0-8b-instruct/stage3: 360/540 done, 1.5s/item, elapsed 8.9 min, VRAM peak 86.5%, ETA 2026-08-27 20:00:38 UTC (in 4.4 min)
2026-08-27 19:56:20 UTC INFO    __workspace___hf__models__granite-3_0-8b-instruct/stage3: 370/540 done, 1.5s/item, elapsed 9.0 min, VRAM peak 86.5%, ETA 2026-08-27 20:00:29 UTC (in 4.1 min)
2026-08-27 19:56:33 UTC INFO    __workspace___hf__models__granite-3_0-8b-instruct/stage3: 380/540 done, 1.5s/item, elapsed 9.2 min, VRAM peak 86.5%, ETA 2026-08-27 20:00:26 UTC (in 3.9 min)
2026-08-27 19:56:44 UTC INFO    __workspace___hf__models__granite-3_0-8b-instruct/stage3: 390/540 done, 1.4s/item, elapsed 9.4 min, VRAM peak 86.5%, ETA 2026-08-27 20:00:21 UTC (in 3.6 min)
2026-08-27 19:56:56 UTC INFO    __workspace___hf__models__granite-3_0-8b-instruct/stage3: 400/540 done, 1.4s/item, elapsed 9.6 min, VRAM peak 86.5%, ETA 2026-08-27 20:00:18 UTC (in 3.4 min)
2026-08-27 19:57:07 UTC INFO    __workspace___hf__models__granite-3_0-8b-instruct/stage3: 410/540 done, 1.4s/item, elapsed 9.8 min, VRAM peak 86.5%, ETA 2026-08-27 20:00:14 UTC (in 3.1 min)
2026-08-27 19:57:23 UTC INFO    __workspace___hf__models__granite-3_0-8b-instruct/stage3: 420/540 done, 1.4s/item, elapsed 10.1 min, VRAM peak 86.5%, ETA 2026-08-27 20:00:16 UTC (in 2.9 min)
2026-08-27 19:57:36 UTC INFO    __workspace___hf__models__granite-3_0-8b-instruct/stage3: 430/540 done, 1.4s/item, elapsed 10.3 min, VRAM peak 86.5%, ETA 2026-08-27 20:00:14 UTC (in 2.6 min)
2026-08-27 19:57:50 UTC INFO    __workspace___hf__models__granite-3_0-8b-instruct/stage3: 440/540 done, 1.4s/item, elapsed 10.5 min, VRAM peak 86.5%, ETA 2026-08-27 20:00:13 UTC (in 2.4 min)
2026-08-27 19:58:12 UTC INFO    __workspace___hf__models__granite-3_0-8b-instruct/stage3: 450/540 done, 1.5s/item, elapsed 10.9 min, VRAM peak 86.5%, ETA 2026-08-27 20:00:23 UTC (in 2.2 min)
2026-08-27 19:58:28 UTC INFO    __workspace___hf__models__granite-3_0-8b-instruct/stage3: 460/540 done, 1.5s/item, elapsed 11.2 min, VRAM peak 86.5%, ETA 2026-08-27 20:00:24 UTC (in 1.9 min)
2026-08-27 19:58:46 UTC INFO    __workspace___hf__models__granite-3_0-8b-instruct/stage3: 470/540 done, 1.5s/item, elapsed 11.5 min, VRAM peak 86.5%, ETA 2026-08-27 20:00:28 UTC (in 1.7 min)
2026-08-27 19:59:03 UTC INFO    __workspace___hf__models__granite-3_0-8b-instruct/stage3: 480/540 done, 1.5s/item, elapsed 11.7 min, VRAM peak 86.5%, ETA 2026-08-27 20:00:31 UTC (in 1.5 min)
2026-08-27 19:59:19 UTC INFO    __workspace___hf__models__granite-3_0-8b-instruct/stage3: 490/540 done, 1.5s/item, elapsed 12.0 min, VRAM peak 86.5%, ETA 2026-08-27 20:00:33 UTC (in 1.2 min)
2026-08-27 19:59:36 UTC INFO    __workspace___hf__models__granite-3_0-8b-instruct/stage3: 500/540 done, 1.5s/item, elapsed 12.3 min, VRAM peak 86.5%, ETA 2026-08-27 20:00:35 UTC (in 1.0 min)
2026-08-27 19:59:54 UTC INFO    __workspace___hf__models__granite-3_0-8b-instruct/stage3: 510/540 done, 1.5s/item, elapsed 12.6 min, VRAM peak 86.5%, ETA 2026-08-27 20:00:38 UTC (in 0.7 min)
2026-08-27 20:00:07 UTC INFO    __workspace___hf__models__granite-3_0-8b-instruct/stage3: 520/540 done, 1.5s/item, elapsed 12.8 min, VRAM peak 86.5%, ETA 2026-08-27 20:00:36 UTC (in 0.5 min)
2026-08-27 20:00:30 UTC INFO    __workspace___hf__models__granite-3_0-8b-instruct/stage3: 530/540 done, 1.5s/item, elapsed 13.2 min, VRAM peak 86.5%, ETA 2026-08-27 20:00:45 UTC (in 0.2 min)
2026-08-27 20:00:44 UTC INFO    __workspace___hf__models__granite-3_0-8b-instruct/stage3: 540/540 done, 1.5s/item, elapsed 13.4 min, VRAM peak 86.5%, ETA 2026-08-27 20:00:44 UTC (in 0.0 min)
2026-08-27 20:00:44 UTC INFO    GPU ledger: +805.6s for __workspace___hf__models__granite-3_0-8b-instruct/stage3, cumulative 80919.8s (22.48 h, 83.3% of the 27 h allowance)
2026-08-27 20:00:44 UTC INFO    /workspace/.hf/models/granite-3.0-8b-instruct stage3: {"n_items": 54, "condition_counts": {"R0": {"chosen_rival": 0, "unreadable": 0, "n": 54}, "R1": {"chosen_rival": 5, "unreadable": 0, "n": 54}, "R2": {"chosen_rival": 3, "unreadable": 0, "n": 54}, "R3": {"chosen_rival": 1, "unreadable": 0, "n": 54}, "R4": {"chosen_rival": 2, "unreadable": 0, "n": 54}}, "abort_reason": null, "elapsed_min": 13.43}
2026-08-27 20:00:47 UTC INFO    wrote results/e1_granite_standalone/experiment_summary.json
